Copyright 1986-2022 Xilinx, Inc. All Rights Reserved. Copyright 2022-2023 Advanced Micro Devices, Inc. All Rights Reserved.
------------------------------------------------------------------------------------------------------------------------------------------------------------------------------------------------------------------------------
| Tool Version : Vivado v.2023.2 (win64) Build 4029153 Fri Oct 13 20:14:34 MDT 2023
| Date         : Sun Apr 21 23:17:18 2024
| Host         : LAPTOP-CTGPC8H5 running 64-bit major release  (build 9200)
| Command      : report_timing_summary -max_paths 10 -report_unconstrained -file deco3x8_seq_timing_summary_routed.rpt -pb deco3x8_seq_timing_summary_routed.pb -rpx deco3x8_seq_timing_summary_routed.rpx -warn_on_violation
| Design       : deco3x8_seq
| Device       : 7a35t-cpg236
| Speed File   : -1  PRODUCTION 1.23 2018-06-13
| Design State : Routed
------------------------------------------------------------------------------------------------------------------------------------------------------------------------------------------------------------------------------

Timing Summary Report

------------------------------------------------------------------------------------------------
| Timer Settings
| --------------
------------------------------------------------------------------------------------------------

  Enable Multi Corner Analysis               :  Yes
  Enable Pessimism Removal                   :  Yes
  Pessimism Removal Resolution               :  Nearest Common Node
  Enable Input Delay Default Clock           :  No
  Enable Preset / Clear Arcs                 :  No
  Disable Flight Delays                      :  No
  Ignore I/O Paths                           :  No
  Timing Early Launch at Borrowing Latches   :  No
  Borrow Time for Max Delay Exceptions       :  Yes
  Merge Timing Exceptions                    :  Yes
  Inter-SLR Compensation                     :  Conservative

  Corner  Analyze    Analyze    
  Name    Max Paths  Min Paths  
  ------  ---------  ---------  
  Slow    Yes        Yes        
  Fast    Yes        Yes        


------------------------------------------------------------------------------------------------
| Report Methodology
| ------------------
------------------------------------------------------------------------------------------------

No report available as report_methodology has not been run prior. Run report_methodology on the current design for the summary of methodology violations.



check_timing report

Table of Contents
-----------------
1. checking no_clock (0)
2. checking constant_clock (0)
3. checking pulse_width_clock (0)
4. checking unconstrained_internal_endpoints (0)
5. checking no_input_delay (0)
6. checking no_output_delay (0)
7. checking multiple_clock (0)
8. checking generated_clocks (0)
9. checking loops (0)
10. checking partial_input_delay (0)
11. checking partial_output_delay (0)
12. checking latch_loops (0)

1. checking no_clock (0)
------------------------
 There are 0 register/latch pins with no clock.


2. checking constant_clock (0)
------------------------------
 There are 0 register/latch pins with constant_clock.


3. checking pulse_width_clock (0)
---------------------------------
 There are 0 register/latch pins which need pulse_width check


4. checking unconstrained_internal_endpoints (0)
------------------------------------------------
 There are 0 pins that are not constrained for maximum delay.

 There are 0 pins that are not constrained for maximum delay due to constant clock.


5. checking no_input_delay (0)
------------------------------
 There are 0 input ports with no input delay specified.

 There are 0 input ports with no input delay but user has a false path constraint.


6. checking no_output_delay (0)
-------------------------------
 There are 0 ports with no output delay specified.

 There are 0 ports with no output delay but user has a false path constraint

 There are 0 ports with no output delay but with a timing clock defined on it or propagating through it


7. checking multiple_clock (0)
------------------------------
 There are 0 register/latch pins with multiple clocks.


8. checking generated_clocks (0)
--------------------------------
 There are 0 generated clocks that are not connected to a clock source.


9. checking loops (0)
---------------------
 There are 0 combinational loops in the design.


10. checking partial_input_delay (0)
------------------------------------
 There are 0 input ports with partial input delay specified.


11. checking partial_output_delay (0)
-------------------------------------
 There are 0 ports with partial output delay specified.


12. checking latch_loops (0)
----------------------------
 There are 0 combinational latch loops in the design through latch input



------------------------------------------------------------------------------------------------
| Design Timing Summary
| ---------------------
------------------------------------------------------------------------------------------------

    WNS(ns)      TNS(ns)  TNS Failing Endpoints  TNS Total Endpoints      WHS(ns)      THS(ns)  THS Failing Endpoints  THS Total Endpoints     WPWS(ns)     TPWS(ns)  TPWS Failing Endpoints  TPWS Total Endpoints  
    -------      -------  ---------------------  -------------------      -------      -------  ---------------------  -------------------     --------     --------  ----------------------  --------------------  
        inf        0.000                      0                    8          inf        0.000                      0                    8           NA           NA                      NA                    NA  


There are no user specified timing constraints.


------------------------------------------------------------------------------------------------
| Clock Summary
| -------------
------------------------------------------------------------------------------------------------


------------------------------------------------------------------------------------------------
| Intra Clock Table
| -----------------
------------------------------------------------------------------------------------------------

Clock             WNS(ns)      TNS(ns)  TNS Failing Endpoints  TNS Total Endpoints      WHS(ns)      THS(ns)  THS Failing Endpoints  THS Total Endpoints     WPWS(ns)     TPWS(ns)  TPWS Failing Endpoints  TPWS Total Endpoints  
-----             -------      -------  ---------------------  -------------------      -------      -------  ---------------------  -------------------     --------     --------  ----------------------  --------------------  


------------------------------------------------------------------------------------------------
| Inter Clock Table
| -----------------
------------------------------------------------------------------------------------------------

From Clock    To Clock          WNS(ns)      TNS(ns)  TNS Failing Endpoints  TNS Total Endpoints      WHS(ns)      THS(ns)  THS Failing Endpoints  THS Total Endpoints  
----------    --------          -------      -------  ---------------------  -------------------      -------      -------  ---------------------  -------------------  


------------------------------------------------------------------------------------------------
| Other Path Groups Table
| -----------------------
------------------------------------------------------------------------------------------------

Path Group    From Clock    To Clock          WNS(ns)      TNS(ns)  TNS Failing Endpoints  TNS Total Endpoints      WHS(ns)      THS(ns)  THS Failing Endpoints  THS Total Endpoints  
----------    ----------    --------          -------      -------  ---------------------  -------------------      -------      -------  ---------------------  -------------------  


------------------------------------------------------------------------------------------------
| User Ignored Path Table
| -----------------------
------------------------------------------------------------------------------------------------

Path Group    From Clock    To Clock    
----------    ----------    --------    


------------------------------------------------------------------------------------------------
| Unconstrained Path Table
| ------------------------
------------------------------------------------------------------------------------------------

Path Group    From Clock    To Clock    
----------    ----------    --------    
(none)                                    


------------------------------------------------------------------------------------------------
| Timing Details
| --------------
------------------------------------------------------------------------------------------------


--------------------------------------------------------------------------------------
Path Group:  (none)
From Clock:  
  To Clock:  

Max Delay             8 Endpoints
Min Delay             8 Endpoints
--------------------------------------------------------------------------------------


Max Delay Paths
--------------------------------------------------------------------------------------
Slack:                    inf
  Source:                 ip[1]
                            (input port)
  Destination:            op[0]
                            (output port)
  Path Group:             (none)
  Path Type:              Max at Slow Process Corner
  Data Path Delay:        7.339ns  (logic 3.883ns (52.906%)  route 3.456ns (47.094%))
  Logic Levels:           3  (IBUF=1 LUT3=1 OBUF=1)

    Location             Delay type                Incr(ns)  Path(ns)    Netlist Resource(s)
  -------------------------------------------------------------------    -------------------
    V14                                               0.000     0.000 f  ip[1] (IN)
                         net (fo=0)                   0.000     0.000    ip[1]
    V14                  IBUF (Prop_ibuf_I_O)         0.931     0.931 f  ip_IBUF[1]_inst/O
                         net (fo=8, routed)           1.644     2.575    ip_IBUF[1]
    SLICE_X0Y5           LUT3 (Prop_lut3_I2_O)        0.152     2.727 r  op_OBUF[0]_inst_i_1/O
                         net (fo=1, routed)           1.812     4.539    op_OBUF[0]
    U16                  OBUF (Prop_obuf_I_O)         2.800     7.339 r  op_OBUF[0]_inst/O
                         net (fo=0)                   0.000     7.339    op[0]
    U16                                                               r  op[0] (OUT)
  -------------------------------------------------------------------    -------------------

Slack:                    inf
  Source:                 ip[1]
                            (input port)
  Destination:            op[3]
                            (output port)
  Path Group:             (none)
  Path Type:              Max at Slow Process Corner
  Data Path Delay:        7.205ns  (logic 3.898ns (54.092%)  route 3.308ns (45.908%))
  Logic Levels:           3  (IBUF=1 LUT3=1 OBUF=1)

    Location             Delay type                Incr(ns)  Path(ns)    Netlist Resource(s)
  -------------------------------------------------------------------    -------------------
    V14                                               0.000     0.000 r  ip[1] (IN)
                         net (fo=0)                   0.000     0.000    ip[1]
    V14                  IBUF (Prop_ibuf_I_O)         0.931     0.931 r  ip_IBUF[1]_inst/O
                         net (fo=8, routed)           1.637     2.568    ip_IBUF[1]
    SLICE_X0Y5           LUT3 (Prop_lut3_I0_O)        0.152     2.720 r  op_OBUF[3]_inst_i_1/O
                         net (fo=1, routed)           1.671     4.391    op_OBUF[3]
    W13                  OBUF (Prop_obuf_I_O)         2.815     7.205 r  op_OBUF[3]_inst/O
                         net (fo=0)                   0.000     7.205    op[3]
    W13                                                               r  op[3] (OUT)
  -------------------------------------------------------------------    -------------------

Slack:                    inf
  Source:                 ip[0]
                            (input port)
  Destination:            op[7]
                            (output port)
  Path Group:             (none)
  Path Type:              Max at Slow Process Corner
  Data Path Delay:        7.085ns  (logic 3.905ns (55.115%)  route 3.180ns (44.885%))
  Logic Levels:           3  (IBUF=1 LUT3=1 OBUF=1)

    Location             Delay type                Incr(ns)  Path(ns)    Netlist Resource(s)
  -------------------------------------------------------------------    -------------------
    U14                                               0.000     0.000 r  ip[0] (IN)
                         net (fo=0)                   0.000     0.000    ip[0]
    U14                  IBUF (Prop_ibuf_I_O)         0.936     0.936 r  ip_IBUF[0]_inst/O
                         net (fo=8, routed)           1.450     2.386    ip_IBUF[0]
    SLICE_X0Y5           LUT3 (Prop_lut3_I2_O)        0.149     2.535 r  op_OBUF[7]_inst_i_1/O
                         net (fo=1, routed)           1.730     4.266    op_OBUF[7]
    W16                  OBUF (Prop_obuf_I_O)         2.820     7.085 r  op_OBUF[7]_inst/O
                         net (fo=0)                   0.000     7.085    op[7]
    W16                                                               r  op[7] (OUT)
  -------------------------------------------------------------------    -------------------

Slack:                    inf
  Source:                 ip[0]
                            (input port)
  Destination:            op[5]
                            (output port)
  Path Group:             (none)
  Path Type:              Max at Slow Process Corner
  Data Path Delay:        7.073ns  (logic 3.907ns (55.245%)  route 3.165ns (44.755%))
  Logic Levels:           3  (IBUF=1 LUT3=1 OBUF=1)

    Location             Delay type                Incr(ns)  Path(ns)    Netlist Resource(s)
  -------------------------------------------------------------------    -------------------
    U14                                               0.000     0.000 r  ip[0] (IN)
                         net (fo=0)                   0.000     0.000    ip[0]
    U14                  IBUF (Prop_ibuf_I_O)         0.936     0.936 r  ip_IBUF[0]_inst/O
                         net (fo=8, routed)           1.449     2.385    ip_IBUF[0]
    SLICE_X0Y5           LUT3 (Prop_lut3_I1_O)        0.154     2.539 r  op_OBUF[5]_inst_i_1/O
                         net (fo=1, routed)           1.717     4.256    op_OBUF[5]
    V15                  OBUF (Prop_obuf_I_O)         2.817     7.073 r  op_OBUF[5]_inst/O
                         net (fo=0)                   0.000     7.073    op[5]
    V15                                                               r  op[5] (OUT)
  -------------------------------------------------------------------    -------------------

Slack:                    inf
  Source:                 ip[1]
                            (input port)
  Destination:            op[1]
                            (output port)
  Path Group:             (none)
  Path Type:              Max at Slow Process Corner
  Data Path Delay:        6.976ns  (logic 3.662ns (52.500%)  route 3.314ns (47.500%))
  Logic Levels:           3  (IBUF=1 LUT3=1 OBUF=1)

    Location             Delay type                Incr(ns)  Path(ns)    Netlist Resource(s)
  -------------------------------------------------------------------    -------------------
    V14                                               0.000     0.000 f  ip[1] (IN)
                         net (fo=0)                   0.000     0.000    ip[1]
    V14                  IBUF (Prop_ibuf_I_O)         0.931     0.931 f  ip_IBUF[1]_inst/O
                         net (fo=8, routed)           1.644     2.575    ip_IBUF[1]
    SLICE_X0Y5           LUT3 (Prop_lut3_I2_O)        0.124     2.699 r  op_OBUF[1]_inst_i_1/O
                         net (fo=1, routed)           1.670     4.368    op_OBUF[1]
    U15                  OBUF (Prop_obuf_I_O)         2.607     6.976 r  op_OBUF[1]_inst/O
                         net (fo=0)                   0.000     6.976    op[1]
    U15                                                               r  op[1] (OUT)
  -------------------------------------------------------------------    -------------------

Slack:                    inf
  Source:                 ip[1]
                            (input port)
  Destination:            op[2]
                            (output port)
  Path Group:             (none)
  Path Type:              Max at Slow Process Corner
  Data Path Delay:        6.976ns  (logic 3.652ns (52.359%)  route 3.323ns (47.641%))
  Logic Levels:           3  (IBUF=1 LUT3=1 OBUF=1)

    Location             Delay type                Incr(ns)  Path(ns)    Netlist Resource(s)
  -------------------------------------------------------------------    -------------------
    V14                                               0.000     0.000 r  ip[1] (IN)
                         net (fo=0)                   0.000     0.000    ip[1]
    V14                  IBUF (Prop_ibuf_I_O)         0.931     0.931 r  ip_IBUF[1]_inst/O
                         net (fo=8, routed)           1.637     2.568    ip_IBUF[1]
    SLICE_X0Y5           LUT3 (Prop_lut3_I1_O)        0.124     2.692 r  op_OBUF[2]_inst_i_1/O
                         net (fo=1, routed)           1.686     4.378    op_OBUF[2]
    W14                  OBUF (Prop_obuf_I_O)         2.598     6.976 r  op_OBUF[2]_inst/O
                         net (fo=0)                   0.000     6.976    op[2]
    W14                                                               r  op[2] (OUT)
  -------------------------------------------------------------------    -------------------

Slack:                    inf
  Source:                 ip[0]
                            (input port)
  Destination:            op[4]
                            (output port)
  Path Group:             (none)
  Path Type:              Max at Slow Process Corner
  Data Path Delay:        6.918ns  (logic 3.659ns (52.894%)  route 3.259ns (47.106%))
  Logic Levels:           3  (IBUF=1 LUT3=1 OBUF=1)

    Location             Delay type                Incr(ns)  Path(ns)    Netlist Resource(s)
  -------------------------------------------------------------------    -------------------
    U14                                               0.000     0.000 f  ip[0] (IN)
                         net (fo=0)                   0.000     0.000    ip[0]
    U14                  IBUF (Prop_ibuf_I_O)         0.936     0.936 f  ip_IBUF[0]_inst/O
                         net (fo=8, routed)           1.449     2.385    ip_IBUF[0]
    SLICE_X0Y5           LUT3 (Prop_lut3_I0_O)        0.124     2.509 r  op_OBUF[4]_inst_i_1/O
                         net (fo=1, routed)           1.810     4.319    op_OBUF[4]
    W15                  OBUF (Prop_obuf_I_O)         2.599     6.918 r  op_OBUF[4]_inst/O
                         net (fo=0)                   0.000     6.918    op[4]
    W15                                                               r  op[4] (OUT)
  -------------------------------------------------------------------    -------------------

Slack:                    inf
  Source:                 ip[0]
                            (input port)
  Destination:            op[6]
                            (output port)
  Path Group:             (none)
  Path Type:              Max at Slow Process Corner
  Data Path Delay:        6.819ns  (logic 3.657ns (53.627%)  route 3.162ns (46.373%))
  Logic Levels:           3  (IBUF=1 LUT3=1 OBUF=1)

    Location             Delay type                Incr(ns)  Path(ns)    Netlist Resource(s)
  -------------------------------------------------------------------    -------------------
    U14                                               0.000     0.000 f  ip[0] (IN)
                         net (fo=0)                   0.000     0.000    ip[0]
    U14                  IBUF (Prop_ibuf_I_O)         0.936     0.936 f  ip_IBUF[0]_inst/O
                         net (fo=8, routed)           1.450     2.386    ip_IBUF[0]
    SLICE_X0Y5           LUT3 (Prop_lut3_I2_O)        0.124     2.510 r  op_OBUF[6]_inst_i_1/O
                         net (fo=1, routed)           1.712     4.222    op_OBUF[6]
    W17                  OBUF (Prop_obuf_I_O)         2.596     6.819 r  op_OBUF[6]_inst/O
                         net (fo=0)                   0.000     6.819    op[6]
    W17                                                               r  op[6] (OUT)
  -------------------------------------------------------------------    -------------------





Min Delay Paths
--------------------------------------------------------------------------------------
Slack:                    inf
  Source:                 ip[2]
                            (input port)
  Destination:            op[1]
                            (output port)
  Path Group:             (none)
  Path Type:              Min at Fast Process Corner
  Data Path Delay:        2.096ns  (logic 1.333ns (63.592%)  route 0.763ns (36.408%))
  Logic Levels:           3  (IBUF=1 LUT3=1 OBUF=1)

    Location             Delay type                Incr(ns)  Path(ns)    Netlist Resource(s)
  -------------------------------------------------------------------    -------------------
    V13                                               0.000     0.000 f  ip[2] (IN)
                         net (fo=0)                   0.000     0.000    ip[2]
    V13                  IBUF (Prop_ibuf_I_O)         0.163     0.163 f  ip_IBUF[2]_inst/O
                         net (fo=8, routed)           0.428     0.591    ip_IBUF[2]
    SLICE_X0Y5           LUT3 (Prop_lut3_I0_O)        0.045     0.636 r  op_OBUF[1]_inst_i_1/O
                         net (fo=1, routed)           0.336     0.972    op_OBUF[1]
    U15                  OBUF (Prop_obuf_I_O)         1.125     2.096 r  op_OBUF[1]_inst/O
                         net (fo=0)                   0.000     2.096    op[1]
    U15                                                               r  op[1] (OUT)
  -------------------------------------------------------------------    -------------------

Slack:                    inf
  Source:                 ip[2]
                            (input port)
  Destination:            op[2]
                            (output port)
  Path Group:             (none)
  Path Type:              Min at Fast Process Corner
  Data Path Delay:        2.103ns  (logic 1.323ns (62.911%)  route 0.780ns (37.089%))
  Logic Levels:           3  (IBUF=1 LUT3=1 OBUF=1)

    Location             Delay type                Incr(ns)  Path(ns)    Netlist Resource(s)
  -------------------------------------------------------------------    -------------------
    V13                                               0.000     0.000 f  ip[2] (IN)
                         net (fo=0)                   0.000     0.000    ip[2]
    V13                  IBUF (Prop_ibuf_I_O)         0.163     0.163 f  ip_IBUF[2]_inst/O
                         net (fo=8, routed)           0.429     0.592    ip_IBUF[2]
    SLICE_X0Y5           LUT3 (Prop_lut3_I2_O)        0.045     0.637 r  op_OBUF[2]_inst_i_1/O
                         net (fo=1, routed)           0.351     0.988    op_OBUF[2]
    W14                  OBUF (Prop_obuf_I_O)         1.115     2.103 r  op_OBUF[2]_inst/O
                         net (fo=0)                   0.000     2.103    op[2]
    W14                                                               r  op[2] (OUT)
  -------------------------------------------------------------------    -------------------

Slack:                    inf
  Source:                 ip[2]
                            (input port)
  Destination:            op[3]
                            (output port)
  Path Group:             (none)
  Path Type:              Min at Fast Process Corner
  Data Path Delay:        2.169ns  (logic 1.403ns (64.697%)  route 0.766ns (35.303%))
  Logic Levels:           3  (IBUF=1 LUT3=1 OBUF=1)

    Location             Delay type                Incr(ns)  Path(ns)    Netlist Resource(s)
  -------------------------------------------------------------------    -------------------
    V13                                               0.000     0.000 f  ip[2] (IN)
                         net (fo=0)                   0.000     0.000    ip[2]
    V13                  IBUF (Prop_ibuf_I_O)         0.163     0.163 f  ip_IBUF[2]_inst/O
                         net (fo=8, routed)           0.429     0.592    ip_IBUF[2]
    SLICE_X0Y5           LUT3 (Prop_lut3_I2_O)        0.049     0.641 r  op_OBUF[3]_inst_i_1/O
                         net (fo=1, routed)           0.337     0.978    op_OBUF[3]
    W13                  OBUF (Prop_obuf_I_O)         1.191     2.169 r  op_OBUF[3]_inst/O
                         net (fo=0)                   0.000     2.169    op[3]
    W13                                                               r  op[3] (OUT)
  -------------------------------------------------------------------    -------------------

Slack:                    inf
  Source:                 ip[2]
                            (input port)
  Destination:            op[0]
                            (output port)
  Path Group:             (none)
  Path Type:              Min at Fast Process Corner
  Data Path Delay:        2.211ns  (logic 1.388ns (62.792%)  route 0.823ns (37.208%))
  Logic Levels:           3  (IBUF=1 LUT3=1 OBUF=1)

    Location             Delay type                Incr(ns)  Path(ns)    Netlist Resource(s)
  -------------------------------------------------------------------    -------------------
    V13                                               0.000     0.000 f  ip[2] (IN)
                         net (fo=0)                   0.000     0.000    ip[2]
    V13                  IBUF (Prop_ibuf_I_O)         0.163     0.163 f  ip_IBUF[2]_inst/O
                         net (fo=8, routed)           0.428     0.591    ip_IBUF[2]
    SLICE_X0Y5           LUT3 (Prop_lut3_I0_O)        0.048     0.639 r  op_OBUF[0]_inst_i_1/O
                         net (fo=1, routed)           0.395     1.034    op_OBUF[0]
    U16                  OBUF (Prop_obuf_I_O)         1.177     2.211 r  op_OBUF[0]_inst/O
                         net (fo=0)                   0.000     2.211    op[0]
    U16                                                               r  op[0] (OUT)
  -------------------------------------------------------------------    -------------------

Slack:                    inf
  Source:                 ip[2]
                            (input port)
  Destination:            op[6]
                            (output port)
  Path Group:             (none)
  Path Type:              Min at Fast Process Corner
  Data Path Delay:        2.215ns  (logic 1.322ns (59.688%)  route 0.893ns (40.312%))
  Logic Levels:           3  (IBUF=1 LUT3=1 OBUF=1)

    Location             Delay type                Incr(ns)  Path(ns)    Netlist Resource(s)
  -------------------------------------------------------------------    -------------------
    V13                                               0.000     0.000 r  ip[2] (IN)
                         net (fo=0)                   0.000     0.000    ip[2]
    V13                  IBUF (Prop_ibuf_I_O)         0.163     0.163 r  ip_IBUF[2]_inst/O
                         net (fo=8, routed)           0.540     0.703    ip_IBUF[2]
    SLICE_X0Y5           LUT3 (Prop_lut3_I1_O)        0.045     0.748 r  op_OBUF[6]_inst_i_1/O
                         net (fo=1, routed)           0.353     1.101    op_OBUF[6]
    W17                  OBUF (Prop_obuf_I_O)         1.113     2.215 r  op_OBUF[6]_inst/O
                         net (fo=0)                   0.000     2.215    op[6]
    W17                                                               r  op[6] (OUT)
  -------------------------------------------------------------------    -------------------

Slack:                    inf
  Source:                 ip[2]
                            (input port)
  Destination:            op[4]
                            (output port)
  Path Group:             (none)
  Path Type:              Min at Fast Process Corner
  Data Path Delay:        2.261ns  (logic 1.324ns (58.559%)  route 0.937ns (41.441%))
  Logic Levels:           3  (IBUF=1 LUT3=1 OBUF=1)

    Location             Delay type                Incr(ns)  Path(ns)    Netlist Resource(s)
  -------------------------------------------------------------------    -------------------
    V13                                               0.000     0.000 r  ip[2] (IN)
                         net (fo=0)                   0.000     0.000    ip[2]
    V13                  IBUF (Prop_ibuf_I_O)         0.163     0.163 r  ip_IBUF[2]_inst/O
                         net (fo=8, routed)           0.546     0.710    ip_IBUF[2]
    SLICE_X0Y5           LUT3 (Prop_lut3_I1_O)        0.045     0.755 r  op_OBUF[4]_inst_i_1/O
                         net (fo=1, routed)           0.391     1.145    op_OBUF[4]
    W15                  OBUF (Prop_obuf_I_O)         1.116     2.261 r  op_OBUF[4]_inst/O
                         net (fo=0)                   0.000     2.261    op[4]
    W15                                                               r  op[4] (OUT)
  -------------------------------------------------------------------    -------------------

Slack:                    inf
  Source:                 ip[2]
                            (input port)
  Destination:            op[7]
                            (output port)
  Path Group:             (none)
  Path Type:              Min at Fast Process Corner
  Data Path Delay:        2.300ns  (logic 1.403ns (61.002%)  route 0.897ns (38.998%))
  Logic Levels:           3  (IBUF=1 LUT3=1 OBUF=1)

    Location             Delay type                Incr(ns)  Path(ns)    Netlist Resource(s)
  -------------------------------------------------------------------    -------------------
    V13                                               0.000     0.000 r  ip[2] (IN)
                         net (fo=0)                   0.000     0.000    ip[2]
    V13                  IBUF (Prop_ibuf_I_O)         0.163     0.163 r  ip_IBUF[2]_inst/O
                         net (fo=8, routed)           0.540     0.703    ip_IBUF[2]
    SLICE_X0Y5           LUT3 (Prop_lut3_I1_O)        0.044     0.747 r  op_OBUF[7]_inst_i_1/O
                         net (fo=1, routed)           0.357     1.104    op_OBUF[7]
    W16                  OBUF (Prop_obuf_I_O)         1.196     2.300 r  op_OBUF[7]_inst/O
                         net (fo=0)                   0.000     2.300    op[7]
    W16                                                               r  op[7] (OUT)
  -------------------------------------------------------------------    -------------------

Slack:                    inf
  Source:                 ip[2]
                            (input port)
  Destination:            op[5]
                            (output port)
  Path Group:             (none)
  Path Type:              Min at Fast Process Corner
  Data Path Delay:        2.312ns  (logic 1.404ns (60.735%)  route 0.908ns (39.265%))
  Logic Levels:           3  (IBUF=1 LUT3=1 OBUF=1)

    Location             Delay type                Incr(ns)  Path(ns)    Netlist Resource(s)
  -------------------------------------------------------------------    -------------------
    V13                                               0.000     0.000 r  ip[2] (IN)
                         net (fo=0)                   0.000     0.000    ip[2]
    V13                  IBUF (Prop_ibuf_I_O)         0.163     0.163 r  ip_IBUF[2]_inst/O
                         net (fo=8, routed)           0.546     0.710    ip_IBUF[2]
    SLICE_X0Y5           LUT3 (Prop_lut3_I0_O)        0.045     0.755 r  op_OBUF[5]_inst_i_1/O
                         net (fo=1, routed)           0.362     1.116    op_OBUF[5]
    V15                  OBUF (Prop_obuf_I_O)         1.196     2.312 r  op_OBUF[5]_inst/O
                         net (fo=0)                   0.000     2.312    op[5]
    V15                                                               r  op[5] (OUT)
  -------------------------------------------------------------------    -------------------





